
> grid-electric-app@0.1.0 build
> next build

ΓÜá Warning: Next.js inferred your workspace root, but it may not be correct.
 We detected multiple lockfiles and selected the directory of C:\Users\david\package-lock.json as the root directory.
 To silence this warning, set `turbopack.root` in your Next.js config, or consider removing one of the lockfiles if it's not needed.
   See https://nextjs.org/docs/app/api-reference/config/next-config-js/turbopack#root-directory for more information.
 Detected additional lockfiles: 
   * C:\Users\david\Desktop\Grid2\package-lock.json

Γû▓ Next.js 16.1.6 (Turbopack)
- Environments: .env.local, .env

  Creating an optimized production build ...
Γ£ô Compiled successfully in 3.4s
  Running TypeScript ...
Failed to compile.

./app/(admin)/subcontractors/page.tsx:144:11
Type error: Type '"neutral"' is not assignable to type '"default" | "accent" | "success" | "warning" | "danger" | undefined'.

  142 |           value={pendingCount}
  143 |           icon={<UserX className="w-4 h-4 text-slate-600" />}
> 144 |           variant="neutral"
      |           ^
  145 |         />
  146 |         <MetricCard
  147 |           title="Expiring"
Next.js build worker exited with code: 1 and signal: null
